CHK 6100001000 21
CHK 6100001001 21
CHK 6100001003 21
CHK 6100001002 21
CHK 6100001006 21
CHK 6100001004 21
CHK 6100001005 18
CHK 6100001007 19
CHK 6100001008 19
CHK 6100001009 17
CHK 6100001010 21
CHK 6100001011 21
CHK 6100001012 21
CHK 6100001013 20
CHK 6100001014 21
CHK 6100001015 21
CHK 6100001016 21
CHK 6100001017 21
CHK 6100001018 21
CHK 6100001019 21
CHK 6100001020 21
CHK 6100001021 21
CHK 6100001022 21
CHK 6100001023 21
CHK 6100001024 20
CHK 6100001025 19
CHK 6100001026 21
CHK 6100001027 21
CHK 6100001028 21
CHK 6100001029 21
CHK 6100001030 21
CHK 6100001031 21
CHK 6100001032 21
CHK 6100001033 21
CHK 6100001034 18
CHK 6100001035 18
CHK 6100001036 21
CHK 6100001038 21
CHK 6100001037 21
CHK 6100001039 21
CHK 6100001040 16
CHK 6100001041 21
CHK 6100001042 21
CHK 6100001043 21
CHK 6100001044 20
CHK 6100001045 21
CHK 6100001046 21
CHK 6100001047 21
CHK 6100001048 21
CHK 6100001049 21
CHK 6100001050 20
CHK 6100001051 21
CHK 6100001052 21
CHK 6100001053 21
CHK 6100001054 21
CHK 6100001055 18
CHK 6100001056 21
CHK 6100001057 21
CHK 6100001058 21
CHK 6100001059 21
CHK 6100001060 17
CHK 6100001061 21
CHK 6100001062 21
CHK 6100001063 21
CHK 6100001064 21
CHK 6100001065 21
CHK 6100001066 21
CHK 6100001067 19
CHK 6100001068 21
CHK 6100001069 21
CHK 6100001070 21
CHK 6100001071 21
CHK 6100001072 21
CHK 6100001073 21
CHK 6100001074 18
CHK 6100001075 21
CHK 6100001076 21
CHK 6100001077 21
CHK 6100001078 21
CHK 6100001079 21
CHK 6100001080 16
CHK 6100001081 21
CHK 6100001082 15
CHK 6100001083 21
CHK 6100001084 21
CHK 6100001085 20
CHK 6100001086 21
CHK 6100001087 21
CHK 6100001088 21
CHK 6100001089 21
CHK 6100001090 21
CHK 6100001091 21
CHK 6100001092 21
CHK 6100001093 21
CHK 6100001094 21
CHK 6100001095 21
CHK 6100001096 21
CHK 6100001097 21
CHK 6100001098 21
CHK 6100001099 21
CHK 6100001100 15
CHK 6100001101 21
CHK 6100001102 21
CHK 6100001103 18
CHK 6100001104 21
CHK 6100001105 21
CHK 6100001106 21
CHK 6100001107 21
CHK 6100001108 21
CHK 6100001109 16
CHK 6100001110 21
CHK 6100001111 21
CHK 6100001112 21
CHK 6100001113 21
CHK 6100001114 21
CHK 6100001115 16
CHK 6100001116 21
CHK 6100001117 21
CHK 6100001118 21
CHK 6100001119 21
CHK 6100001120 21
CHK 6100001121 16
CHK 6100001122 20
CHK 6100001123 21
CHK 6100001124 20
CHK 6100001125 21
CHK 6100001126 21
CHK 6100001127 21
CHK 6100001128 21
CHK 6100001129 20
CHK 6100001130 21
CHK 6100001131 21
CHK 6100001132 21
CHK 6100001133 21
CHK 6100001134 21
CHK 6100001135 21
CHK 6100001136 21
CHK 6100001137 21
CHK 6100001138 21
CHK 6100001139 21
CHK 6100001140 21
CHK 6100001141 21
CHK 6100001142 16
CHK 6100001143 21
CHK 6100001144 21
CHK 6100001145 21
CHK 6100001146 21
CHK 6100001147 21
CHK 6100001148 21
CHK 6100001149 21
CHK 6100001150 21
CHK 6100001151 21
CHK 6100001152 21
CHK 6100001153 21
CHK 6100001154 21
CHK 6100001155 21
CHK 6100001156 21
CHK 6100001157 21
CHK 6100001158 21
CHK 6100001159 21
CHK 6100001160 20
CHK 6100001161 21
CHK 6100001162 21
CHK 6100001163 21
CHK 6100001164 21
CHK 6100001165 21
CHK 6100001166 21
CHK 6100001167 21
CHK 6100001168 21
CHK 6100001169 21
CHK 6100001170 21
CHK 6100001171 21
CHK 6100001172 21
CHK 6100001173 21
CHK 6100001174 21
CHK 6100001175 21
CHK 6100001176 21
CHK 6100001177 21
CHK 6100001178 21
CHK 6100001179 19
CHK 6100001180 18
CHK 6100001181 21
CHK 6100001182 21
CHK 6100001183 21
CHK 6100001184 21
CHK 6100001185 15
CHK 6100001186 21
CHK 6100001187 21
CHK 6100001188 21
CHK 6100001189 21
CHK 6100001190 21
CHK 6100001191 21
CHK 6100001192 21
CHK 6100001193 21
CHK 6100001194 21
CHK 6100001195 21
CHK 6100001196 21
CHK 6100001197 21
CHK 6100001198 17
CHK 6100001199 21
