CHK 6100001000 499911,494570,491749,490968,440362,433295,428442,402657,393029,391520,381636,355724,349871,332101,324395,281070,278788,265614,246955,241493
CHK 6100001001 497683,467218,456255,454962,448206,432484,417111,401503,374616,311826,267683,266858,245423,232190,217361,172935,142433,141367,130230,129632
CHK 6100001002 444878,429984,402094,392812,385281,378975,243644,227521,210471,182152,180102,168965,131571,122724,114653,90538,70763,64340,58283,57808
CHK 6100001003 489998,450438,439260,427342,393476,376912,376621,331940,316839,312027,291246,276765,276032,261546,245893,242723,179883,132046,89656,64625
CHK 6100001004 413384,407314,406277,401283,392031,356193,330451,327980,323737,302866,300777,268856,252047,242283,232764,212804,178433,168432,156060,154366
CHK 6100001005 497477,484031,474674,456913,439699,433877,430326,394667,383112,379273,335021,281283,258729,249415,241171,213506,209829,162079,152072,135559
CHK 6100001006 499046,481830,475005,442691,412795,404211,378296,377866,352574,351427,349355,341830,329280,323865,303458,288058,281167,244426,184067,157397
CHK 6100001007 498339,494669,435280,404562,392921,375844,297258,221493,206725,205324,190208,183844,172043,155188,145448,137655,110561,104289,70032,58145
CHK 6100001008 495776,443308,416476,371812,333835,315776,282482,260866,202844,144595,137800,102749,88645,66001,55333,47927,40873,40527,19628,13720
CHK 6100001009 479587,459832,379867,336307,283421,274999,241549,223089,220240,198531,184239,175737,159625,139531,132601,99290,80880,71037,57269,39922
CHK 6100001010 499731,493648,434130,431532,409661,406216,387338,380118,373350,368326,330831,299926,291439,273443,271449,266496,254642,108005,77503,74193
CHK 6100001011 494906,491106,483279,450272,447068,439057,417629,388879,353261,342426,324919,322865,318157,292465,289933,287175,262624,262600,238527,226098
CHK 6100001012 494134,493488,486676,470197,469425,469413,454132,427577,420142,412968,398043,397935,382357,354883,354676,334165,315213,296095,294139,286394
CHK 6100001013 499468,496278,485305,484200,398136,377693,370820,361046,353477,328816,313469,300330,258569,221784,219166,141514,130738,112909,101878,94590
CHK 6100001014 497235,461903,455961,441051,420058,373759,354141,341492,334866,290066,286884,271818,267463,243113,237741,225801,201199,200301,183877,163848
CHK 6100001015 495353,484053,470127,461258,458042,448986,376750,352445,341077,327923,312538,304836,282201,260735,257889,244434,237075,216475,193908,165928
CHK 6100001016 481059,472068,448791,442571,403924,373069,372743,367088,279150,259286,247552,234658,233828,224532,220867,214334,206507,190144,182473,86246
CHK 6100001017 492506,485788,482979,445180,400618,375790,374189,359828,338544,311306,311277,290764,209498,200149,136990,130381,122755,103009,93450,76297
CHK 6100001018 499894,483782,473214,471252,470690,417259,381676,377634,362327,317593,312756,289164,278269,239850,222485,209190,185326,168162,99703,95058
CHK 6100001019 496343,469527,447242,437239,361969,358759,331607,329388,311397,260118,251452,246793,199527,180628,175941,165523,127345,98392,89310,75801
CHK 6100001020 489601,482983,481412,454969,411865,408965,405763,403532,393880,389754,373966,348694,328788,319539,307309,274245,235752,198124,190969,156601
CHK 6100001021 489729,474883,463733,463409,425896,416458,393783,360867,351240,345538,340758,324471,322361,321398,240371,226602,194277,184461,179522,168722
CHK 6100001022 441074,435251,431760,416784,391142,382728,380111,373875,344537,311870,307356,281886,259578,240868,219887,213458,176215,159050,120818,116830
CHK 6100001023 481234,426637,397849,376784,357994,322809,322785,260226,237544,232910,226411,211223,179910,179066,178474,130532,114432,108884,69563,63899
CHK 6100001024 490545,486734,479314,402700,368608,342425,336061,335584,324692,317149,310483,280460,267696,265342,253918,233814,211277,206133,198865,192605
CHK 6100001025 491541,482570,473957,472870,457350,448946,427050,421339,401840,362920,339063,299221,292033,284768,267274,223277,159609,143322,124475,114200
CHK 6100001026 460480,453237,443124,438041,412846,411966,372480,344860,310583,307235,296493,294199,291675,266177,251762,238715,189803,141727,135796,127048
CHK 6100001027 478874,464485,423954,399507,380479,359504,354896,317526,314585,310661,295546,281581,262203,256215,236713,228126,218983,211855,203768,142030
CHK 6100001028 484966,464050,440262,408808,395149,376835,318055,315520,274320,265657,250590,226646,217998,217104,200088,197076,185923,177248,129179,126210
CHK 6100001029 481217,445931,420206,412661,405842,390749,384097,376225,342084,305057,288045,265973,261001,260758,241234,237795,213548,200913,191066,174909
CHK 6100001030 475810,466428,462293,459790,445340,439670,386358,349221,343265,308222,267271,221893,215471,192203,176033,147913,143291,115112,96333,65321
CHK 6100001031 496108,456247,429625,425867,423023,416700,366502,364702,355964,345076,344708,341933,337339,333421,329759,324865,318540,316371,294105,220933
CHK 6100001032 446465,443695,437835,434828,411188,384242,380455,356192,348799,343616,338545,313615,254341,226219,220113,219409,196292,186081,174079,158369
CHK 6100001033 444082,385485,385426,383426,358306,340725,334913,329787,327550,263340,259770,248220,247278,234399,185859,166412,164959,152599,127398,108608
CHK 6100001034 475598,443113,430487,428225,427237,425950,422780,413784,408173,385058,380667,375291,361276,353039,290453,181258,163085,141010,91799,57697
CHK 6100001035 494378,486287,456721,418330,413904,409757,408171,397949,394967,393361,370705,279907,248164,225741,220386,203295,190162,189347,156288,109451
CHK 6100001036 499663,487354,433868,384126,376786,337161,334654,298999,295157,291849,279822,260774,255875,219382,219023,198581,149896,130464,129866,116646
CHK 6100001037 454716,442726,420320,419420,407280,382925,382404,342595,298698,283866,250125,249583,249464,243684,234464,185647,182984,170073,139612,113584
CHK 6100001038 396525,380367,375083,340679,339766,320870,291452,288966,259234,242686,215940,188022,180059,173992,158275,125900,71436,57489,19214,7226
CHK 6100001039 483451,474392,472742,464696,458648,416587,391067,368116,347152,327706,318578,288343,264183,259990,252484,246937,239167,236763,231629,222046
CHK 6100001040 499715,495594,475508,474161,451117,421405,415129,391297,390654,387464,361974,349311,321832,296139,275019,200777,180911,154466,73830,64816
CHK 6100001041 472150,431676,426092,421357,407668,393452,344824,323722,305263,260711,234932,230053,220572,217311,183686,174958,161863,143469,125444,117918
CHK 6100001042 482112,473098,472553,420408,406729,382343,349689,338864,337643,305674,273018,227863,198244,192801,140026,133040,121361,73256,55713,15009
CHK 6100001043 483736,405031,383725,371293,340195,315589,256402,214590,204548,160748,148044,138885,113097,63216,47079,42155,21582,16289
CHK 6100001044 486532,486284,485924,439994,410361,383381,382403,382306,330597,306724,297467,292939,288639,254092,235760,225800,126906,70304,68759,59015
CHK 6100001045 491573,488431,485230,476532,448913,443245,390932,350910,346924,345977,335591,268354,235626,214900,207998,198464,197871,182991,169990,168465
CHK 6100001046 494579,481525,478637,428594,408930,379494,366759,359542,343117,308034,289350,278196,243364,195685,194601,188857,159035,150947,92110,78662
CHK 6100001047 483980,473326,471872,457237,445112,441669,416742,402061,393728,337993,238044,235315,230529,229608,206632,167101,121776,118338,87524,23043
CHK 6100001048 476875,475129,423049,418865,409091,401316,331164,316819,316503,255600,206182,199472,194593,120289,111204,107381,89729,69165,49680
CHK 6100001049 474795,473476,465642,433994,411184,398908,361173,356863,353129,351729,325191,264792,255436,237511,232260,221989,165057,156309,152763,133726
CHK 6100001050 497876,490797,479112,478889,470449,434512,415985,395418,371918,355317,348011,347609,229781,206798,199632,179865,120211,110995,91670,73395
CHK 6100001051 497860,496359,490155,489718,478350,476372,453988,437133,431406,431310,400031,397404,368198,365577,322609,310166,309022,289783,160430,102676
CHK 6100001052 460229,455597,443849,430977,404647,393772,363622,343399,339949,337244,335359,311169,308472,301391,293371,269081,265977,238958,223449,193413
CHK 6100001053 493499,489186,450427,430369,392689,391720,360335,350174,345001,251671,243533,243405,230730,206391,203496,201543,182762,165758,152021,139281
CHK 6100001054 450031,448140,414462,383879,368175,357973,322173,273016,248188,222406,210888,205559,199825,179172,163449,160184,147247,146985,122918,115760
CHK 6100001055 499610,490169,466776,435118,426166,425138,416632,411787,390902,380542,366633,362713,338039,335443,325553,325490,323561,299359,278407,277037
CHK 6100001056 464362,458682,450669,439666,397838,365689,333360,323548,312606,231789,218787,217442,182897,174009,168002,161793,151426,133725,133256,116593
CHK 6100001057 473580,452372,444589,431051,428122,416931,359476,356869,355322,312999,309313,287839,286974,256967,253017,248713,218730,191731,135044,114832
CHK 6100001058 471287,444853,443339,344593,334901,272359,239306,238708,234752,218036,211683,198714,191860,183146,175344,151624,140327,108137,76970,68979
CHK 6100001059 486970,447244,378208,369396,368395,365548,363406,349482,311222,310230,263556,232951,217924,195483,135105,133694,83811,65395,29310
CHK 6100001060 485741,454572,436595,380169,341034,331048,292266,268892,207161,163993,162099,104588,104096,85532,79045,60803,60758,49834,45140,34378
CHK 6100001061 498870,430944,427658,403660,384993,362078,304311,296671,296164,288864,263910,255775,240112,213561,168515,155022,146095,135334,121089,99998
CHK 6100001062 455545,380661,319655,312084,311158,306402,294684,285801,267507,251466,238903,235937,220298,206191,186460,174863,155936,143020,92672,88748
CHK 6100001063 499393,487520,485727,453491,447641,405388,330435,319453,309301,291396,287025,272719,258789,253113,252673,195508,181768,162374,139658,133096
CHK 6100001064 491909,484862,469788,459242,454793,409555,391401,362043,339395,339316,326600,306674,287533,285267,282113,279935,263107,252622,242734,218103
CHK 6100001065 449836,427512,417978,414231,399273,397423,349124,341731,306336,282974,275872,262594,241131,239623,236354,223890,171888,152429,146267,144026
CHK 6100001066 491473,482493,450803,415981,370840,354731,297211,290921,280401,279759,272854,190344,174299,155881,151237,128991,122403,92916,66997,60950
CHK 6100001067 410398,387202,348988,346493,343137,333921,305950,295997,292792,283326,266841,235614,164486,151068,122833,111992,96449,72742,40585,23454
CHK 6100001068 478766,467556,464801,440966,434898,419243,417588,413215,413207,367835,319930,307028,288226,286120,279258,259052,252767,252041,243102,242565
CHK 6100001069 498551,495684,493737,492887,413813,412196,397965,392310,346064,293654,293629,171496,160152,159363,141228,139454,98743,67788
CHK 6100001070 485896,446646,441888,362013,356061,330031,322260,317296,317115,306787,278720,217544,203485,197690,132404,108034,99528,73701,71265,59945
CHK 6100001071 493886,489456,463707,456365,437791,419474,385275,373110,368564,329832,290566,271948,270074,240988,231700,217228,200118,198593,116153,104576
CHK 6100001072 485438,479472,464024,433035,431890,429971,422556,400683,400403,386565,383001,378667,343370,334400,329447,314632,307280,305376,303513,294312
CHK 6100001073 485283,484016,475024,452914,425490,417980,385795,380037,310160,292832,287391,283808,280361,277348,191989,186337,164456,126170,105440,77884
CHK 6100001074 475348,395734,387282,346443,335270,335100,332976,328396,287887,283605,274891,241630,225638,204958,194694,193085,192454,165886,159257,157285
CHK 6100001075 497127,494059,487920,479209,478625,443038,436176,413555,411780,395329,386239,369901,369640,353815,348436,341477,327462,299750,295497,263377
CHK 6100001076 466038,463829,413955,407825,379937,378197,367348,351143,346991,343561,321270,313934,311032,233772,203780,197488,179861,144616,133511,132946
CHK 6100001077 490886,459957,458082,414634,400735,367434,355152,353131,350025,295212,279904,263304,259892,258998,250014,234554,197357,193318,131600,125939
CHK 6100001078 427478,418583,415723,406567,404171,394246,384525,357584,336981,329614,281099,279647,246584,233684,85799,62435
CHK 6100001079 477325,473722,459653,404105,391012,387994,383412,380029,359517,355505,341453,334788,329664,317327,240237,229790,222141,218601,210373,205439
CHK 6100001080 467543,465602,458471,429253,416747,414298,389480,329497,323130,316685,316285,273641,258812,235006,194136,144672,11968,546
CHK 6100001081 490013,436929,421989,355408,317672,251464,218379,169156,86638,67464,55331,54187,54015,12947,9123,814
CHK 6100001082 464562,462376,439850,414775,388073,376271,355134,345960,321826,312009,310636,299465,259168,245147,243186,220016,182390,166857,155095,142278
CHK 6100001083 489413,489183,471785,466305,440608,396770,343644,336557,326599,290466,276247,275113,264572,253421,207217,133547,113222,111917,79421,37458
CHK 6100001084 472722,453688,444238,395366,390139,389448,378509,363332,351005,337025,315079,302332,247420,241676,240660,238433,210997,208518,181335,165257
CHK 6100001085 494588,413318,347604,308259,305056,288571,242503,218166,217232,195671,176543,174686,143589,92502,10476,4191
CHK 6100001086 497447,458958,432363,406341,404594,397760,371699,348662,347108,334552,280924,277059,272578,247570,234010,220255,192131,167899,164182,143908
CHK 6100001087 488873,470323,468094,392164,386775,331287,329114,274434,271318,222853,215444,213789,187530,101152,71423,25073,20450,18508
CHK 6100001088 484129,480434,457131,446900,446226,419459,418535,403233,358904,321470,310026,300597,294814,261575,261123,209481,190615,173261,162987,130684
CHK 6100001089 494884,474623,423698,422754,389648,378120,360235,332478,326536,265674,258891,246144,245055,244607,193925,172758,160110,157290,141718,117190
CHK 6100001090 498259,454975,449989,436365,433422,416510,405457,393734,390978,378268,360671,336364,332326,304728,268249,241554,230518,226187,215311,198955
CHK 6100001091 492551,471952,429222,409067,359017,353538,338783,337821,319388,290490,240596,240320,237603,232787,230578,225060,220075,205088,193574,147406
CHK 6100001092 496325,476610,463237,431240,428715,418734,405153,378441,373365,372673,368707,331273,273669,255429,233210,164857,150053,144182,137225,135222
CHK 6100001093 497975,464719,463855,453197,439744,429087,406640,388105,373980,372142,303524,271129,269046,267949,252765,195386,153126,130878,130330,124027
CHK 6100001094 488277,479616,456664,422939,402450,366159,318843,279540,277934,254264,211293,210884,147043,140572,127183,88414,73726,64783,26386
CHK 6100001095 493716,484098,476328,456358,430887,411844,369935,368061,349734,324825,288742,284105,281142,254708,244154,229018,224812,207940,180790,177936
CHK 6100001096 497056,432120,376320,372566,350833,328721,327564,306924,262569,259561,248461,227147,225878,193914,188498,111051,83891,74010,66974,25422
CHK 6100001097 488262,454532,444395,408681,372908,358810,358410,341442,332593,285284,251321,187534,87117,66577,44808,38708
CHK 6100001098 492721,491781,484581,455216,446066,424168,404916,374952,341708,338301,329238,293070,272080,270254,235597,225187,197345,196986,191357,174613
CHK 6100001099 486538,483662,454831,453599,453394,438351,421799,398346,363044,341412,313544,281420,249567,245228,232098,210566,201474,126278,80875,41950
CHK 6100001100 485181,479238,470807,458982,449539,424064,420253,408759,402811,370182,356846,331735,318824,305953,305566,271267,271231,247601,236593,193031
CHK 6100001101 498288,372791,352931,352279,315845,286897,272572,251823,224472,218919,216430,212426,207888,167950,165387,151309,138642,128580,127400,110565
CHK 6100001102 489976,477627,436773,432881,429218,418087,361984,346383,326096,296641,268643,257461,238439,212072,209067,204677,169788,153822,119321,114855
CHK 6100001103 451903,438384,418354,402559,342369,336778,328574,322922,300640,295363,289822,281583,258791,236885,193309,181005,173045,152058,144446,130397
CHK 6100001104 485501,417613,413074,389548,370190,353667,352285,316849,306529,269187,267104,227245,219605,218861,160272,147804,115186,84527,80184,73323
CHK 6100001105 484007,473589,471874,440929,433728,427244,416522,351939,335396,328109,313947,300041,240221,228044,217982,212429,206947,129202,96104,40791
CHK 6100001106 491460,473279,453140,435605,430140,397196,394577,382911,313734,267562,267135,262884,262200,254206,207189,187289,179784,156244,155162,109222
CHK 6100001107 492505,484768,474152,458125,455819,436067,401733,357792,291659,267650,260954,248773,224810,167854,157541,132685,88009,77627,53253
CHK 6100001108 482111,480855,396269,394151,391449,357633,351157,350170,325629,318563,303751,297408,281640,235147,217467,213766,199960,184573,181451,174524
CHK 6100001109 498265,489507,485675,445358,415970,412057,370307,353606,259330,247900,220799,220319,175147,160841,155214,143507,139031,127412,127071,115551
CHK 6100001110 483238,462721,453901,445832,433493,418600,386811,382274,375357,364493,329380,308862,308084,258270,254735,239173,219629,167159,142512,103685
CHK 6100001111 495362,471903,470227,442850,431289,400181,297534,289652,283780,283403,247832,247077,222695,201376,187756,158652,146730,140036,100327,86764
CHK 6100001112 495633,483801,444423,422651,399146,352543,332934,316044,295015,249353,234193,224001,213323,181110,174216,173282,124961,106903,82767,48314
CHK 6100001113 394423,391980,374326,363686,338688,319358,294606,274381,268775,222698,146999,103759,77509,11675
CHK 6100001114 493079,459748,459429,443856,425724,416016,395606,395299,364760,358066,357261,353014,346930,344397,322192,300886,291634,286493,275169,268597
CHK 6100001115 497903,462406,442348,390085,377260,368525,335506,323935,301314,281048,237001,202742,150932,119699,116807,96038,77030,35228,19128,13832
CHK 6100001116 467789,436056,403846,363915,360284,321847,288233,273829,261022,258029,244615,207077,186873,178114,177955,135664,119417,118109,101588,84854
CHK 6100001117 490867,474777,473874,455447,419203,388216,381791,352404,342670,327776,303081,300524,297295,289411,253840,249272,248634,209767,204177,200858
CHK 6100001118 464690,446272,435536,424193,365185,322281,315304,301825,289704,276493,275018,268623,258253,251660,232607,225863,222967,184187,172821,165971
CHK 6100001119 477656,461330,458118,440524,424017,399714,394273,390913,386620,382104,374822,373997,361773,297160,295228,275558,262626,234511,201609,199713
CHK 6100001120 490368,474394,429482,410954,376753,361072,345475,340401,322671,249632,234591,232371,197943,167058,154985,141965,128701,127905,72920,66536
CHK 6100001121 431686,431117,387950,378830,288365,284336,275787,254079,246566,225834,169413,163388,155930,78719,64999,45623,40981
CHK 6100001122 448367,448341,429268,429146,419880,409518,373604,373139,326451,295175,283338,226945,224072,223998,210449,200564,177837,165365,150443,143289
CHK 6100001123 477613,425230,362353,360301,282901,265173,207896,183860,174901,134309,114661,105899,84496,77817,23543,20048,14143
CHK 6100001124 499070,466242,447976,401350,392535,376635,353292,345010,307453,298831,294557,286163,240268,235517,230465,226887,217315,196597,171558,161158
CHK 6100001125 461793,421097,407663,290429,285206,244315,235941,225079,191700,191646,166400,96176,70921,53727,43637,3719
CHK 6100001126 499052,496259,489473,482559,457287,421176,420845,408089,379328,358117,351698,342594,337859,328015,301136,273310,268691,267096,239538,213760
CHK 6100001127 489246,467921,462821,452675,445760,423742,387862,382825,339672,296885,273270,268257,265263,237649,223576,212771,205300,189319,185350,91097
CHK 6100001128 496586,496106,360857,359962,357993,354476,323885,311448,308601,293049,291820,254941,230916,206314,173828,162812,154834,147456,90470,88764
CHK 6100001129 496629,339280,314320,257055,242123,227180,215385,201842,187424,144697,111532,60493,53050,48083
CHK 6100001130 476860,467542,466974,463139,463119,412622,396401,364340,325363,320725,304651,303864,281528,278585,249156,228613,218906,218626,196540,188939
CHK 6100001131 480668,471756,448794,412736,410135,406733,349394,346015,327216,316200,282979,278034,275446,261647,248664,240000,234691,200829,146096,114172
CHK 6100001132 488900,469793,439895,395333,375373,370436,354511,341239,339083,318205,295370,289824,281789,273554,250177,245823,229950,200190,165846,158428
CHK 6100001133 411197,331137,315502,309100,294123,279278,225145,206827,187129,157338,139713,119130,115343,92774,90308,75671,31009,28109,8845
CHK 6100001134 487364,479541,442464,435730,423255,386917,372277,372009,345992,338132,277673,247550,210959,193202,153511,137681,113830,96638,74527,70345
CHK 6100001135 451060,417854,351041,333463,326266,294135,286810,267968,222746,177959,132667,127041,123591,122341,116765,95310,93082,89860,81813,76820
CHK 6100001136 487837,467616,452988,452611,451001,446157,439196,432916,357411,342438,304278,284309,283496,280136,269964,261308,255427,219398,217292,206459
CHK 6100001137 487176,475744,391405,371215,346393,326562,293729,293715,281507,253454,241451,186521,179832,143797,136349,125593,41407,40012,33452,9858
CHK 6100001138 413447,382734,351741,347344,335915,333055,329394,294232,288846,287430,286675,222813,204826,191306,183185,176434,159288,131063,126352,68307
CHK 6100001139 458474,434801,417718,412510,396026,371109,353225,348625,325127,287020,267174,255251,254661,240675,229351,212818,152816,150262,143647,94154
CHK 6100001140 474178,453019,438047,433445,423525,408141,380250,347013,342047,338583,337493,335296,330098,321444,231965,218147,186860,177190,172728,79243
CHK 6100001141 481475,479336,458667,349325,339621,323167,298983,297208,285054,273493,251611,221432,125635,118392,88321,78176,78143,69705,61897,44410
CHK 6100001142 499370,451856,354584,350479,311786,311686,301232,294666,283136,252446,209168,200082,196400,149505,145153,139471,133500,113878,106090,104697
CHK 6100001143 494504,440727,397832,357004,347283,320245,281280,224833,181833,160225,143636,143025,138874,136260,133289,111177,108872,101443,71897
CHK 6100001144 472362,461847,459891,404038,395392,394599,369969,357398,353772,326726,277283,268438,259245,206906,196417,149293,128338,74821,49589,47274
CHK 6100001145 481879,467992,452224,435819,432732,430084,429215,400289,394543,390106,342422,331464,325852,318423,314232,274365,273172,208937,187392,174167
CHK 6100001146 498896,451878,433530,425118,422535,405965,364800,349086,343731,318794,316815,304802,283905,265331,257211,254142,188103,183672,164078,92483
CHK 6100001147 498755,489953,477372,423490,392149,367248,311257,295330,288223,279703,242094,240651,208117,206399,205961,179411,166616,141675,138988,108376
CHK 6100001148 497433,495164,494026,489124,454838,430934,409716,403567,384829,369896,318119,288637,245314,207796,202003,158002,154811,115070,108845,102097
CHK 6100001149 441586,439385,396450,375479,323065,308417,307782,288698,260195,242980,236544,220779,192302,163564,138648,129013,112306,103325,73273,66722
CHK 6100001150 496878,486100,461377,428943,421349,380529,355726,289111,265273,263759,257357,231083,227604,219536,181238,180051,159140,149127,127853,97259
CHK 6100001151 496692,476742,465514,449049,375409,371334,361191,352042,344470,308027,304430,282864,259569,259049,258668,241300,237033,136520,106036,90756
CHK 6100001152 480110,476305,459290,440019,409915,403681,389457,331015,326139,314140,305045,302532,298653,259175,227997,220227,211572,192168,186734,169983
CHK 6100001153 450747,409149,407960,321530,261990,226799,189414,169871,148761,79402,59763
CHK 6100001154 490041,474487,450553,444456,426674,419454,417413,395944,368159,347056,332706,332299,319105,291421,271186,246017,176473,153824,83967,69621
CHK 6100001155 496414,493823,475676,471505,461711,398648,382240,374584,361828,357280,324309,307386,303467,297274,221004,220060,210234,176484,173863,158986
CHK 6100001156 480732,461494,411366,402204,394804,326596,321265,265586,241361,184288,180430,165987,146772,141061,135680,113184,106275,82977,55781,18971
CHK 6100001157 439908,428549,422347,392388,392056,363199,337320,306572,302022,288138,279946,237370,224982,211879,211136,208197,206135,94491,92362,75043
CHK 6100001158 468052,466532,464652,459897,458085,417711,323919,292530,277538,244064,230940,221162,206805,198202,196737,153575,152753,152705,143431,104296
CHK 6100001159 499798,471315,418501,410359,395270,385752,377513,372713,358988,341989,334497,283008,279053,270375,244484,237751,229317,227977,214519,165239
CHK 6100001160 497878,454859,443374,406047,368318,362189,338940,329170,305363,252120,199055,169735,167945,146271,121098,93428,91787,62282,45530,31001
CHK 6100001161 473723,446752,423450,415655,380990,356914,354921,325856,317597,307294,306420,306175,299156,284941,261035,231878,210926,207054,189105,182356
CHK 6100001162 497948,485137,469892,469711,449231,424293,419424,406427,404665,389465,366999,349994,339546,322425,304056,281089,274093,265220,238950,107913
CHK 6100001163 456019,440358,408955,388381,380792,366701,366641,366396,350981,308958,234903,200863,155636,136730,135275,126279,113743,112134,69050,64459
CHK 6100001164 497601,491739,488149,482917,479926,479360,438503,407736,401250,362336,321715,274120,268240,258568,243178,216133,214963,212461,205169,195280
CHK 6100001165 478580,477710,406549,333788,317786,289332,286944,279799,234003,211449,186555,162247,137851,118630,111742,83526,77306,67408,62633,55559
CHK 6100001166 478445,469591,453958,451300,428878,383066,347973,347421,332297,324281,315539,287907,253766,240377,226507,211080,205678,179264,166967,146448
CHK 6100001167 499007,477095,421481,409697,386657,370555,289721,272941,244398,217430,202995,186668,163779,152533,88854,80357,43712,37552
CHK 6100001168 463002,457067,441932,438481,437076,402527,402078,376706,371004,368074,356434,354689,278821,269486,258131,233661,206841,163968,139147,138967
CHK 6100001169 467079,464750,454339,436078,407151,402308,392701,333594,322155,300382,278255,269686,261420,260638,247468,227531,89139,6577
CHK 6100001170 491491,488978,473572,442941,430226,420435,391460,370381,362485,361967,306344,292283,281914,278000,264786,237131,213679,206646,196932,162804
CHK 6100001171 481843,433680,417807,412973,383838,324205,317783,304517,229472,208947,190830,190519,182287,161487,111356,72747,71204,60600,51921,14166
CHK 6100001172 495182,415716,404187,397985,367514,365820,360987,338761,320393,285309,266113,255178,239656,207080,206262,174507,150523,120238,120080,110133
CHK 6100001173 460339,455970,445284,411091,386308,382435,375181,317477,312885,299338,292652,270754,222525,184640,158053,121274,111526,83137,62280,38123
CHK 6100001174 488012,449414,441889,426797,426242,372114,324164,322322,270329,245218,231197,202604,200415,173582,80510,73754,64758,50601,49507,39091
CHK 6100001175 491051,450511,446999,420539,413783,396498,393500,376971,302005,288333,279802,275273,239020,230332,214816,201527,186766,182208,170300,167967
CHK 6100001176 324858,302692,279394,261410,217471,210162,193567,181398,171983,152766,147551,136006,126659,113254,100246,92314,71193,59328,45342
CHK 6100001177 483406,467780,455828,447478,426612,426352,390560,383982,381997,375954,358730,354695,350211,349502,344367,326134,275638,262494,257124,244914
CHK 6100001178 490076,485964,449428,400341,397795,328069,314690,295680,269996,257519,184433,179430,110794,92775,88346,78017,47071,15152,3642
CHK 6100001179 462235,458674,442141,425305,410500,393599,392964,383732,365799,294474,292010,282814,273715,256257,250924,242984,219492,218460,194451,175391
CHK 6100001180 487637,484149,467795,436138,414494,405278,362389,324716,315504,313481,307831,307635,306218,294979,294553,291463,249708,224081,221297,219662
CHK 6100001181 489502,472398,464123,463192,450897,446238,442123,412647,406642,361379,360222,343126,335060,297241,252841,240620,240024,222346,188029,165951
CHK 6100001182 425059,361182,356591,353986,351495,334904,334798,323466,321479,284685,265749,149419,145771,121493,119191,101935,101927,98078,69162,55141
CHK 6100001183 487727,478758,432815,429813,384564,339998,299815,261387,254700,208928,188316,175351,164133,130324,129791,101169,98464,84131,70768,23472
CHK 6100001184 494592,469611,429943,387903,353902,346018,329456,321309,292451,258641,249369,248978,160641,136325,94419,85806,83029,38158,21503
CHK 6100001185 498080,489284,483403,475807,463986,431868,418412,418031,395311,387498,384254,370443,353182,346734,326793,313634,283647,261696,256413,253698
CHK 6100001186 479962,478646,473079,459258,440648,437930,417113,410003,384113,345157,330948,320653,319221,315445,314118,263036,248599,229500,219242,198988
CHK 6100001187 465622,463652,442524,399579,366351,360575,356710,338288,298571,278457,171972,158147,153216,138382,126149,122165,96468,63084,45810,9950
CHK 6100001188 441040,399289,375395,368919,368027,362044,325517,282468,252876,222639,217630,207242,199329,191533,152629,108618,104873,99586,84162,79858
CHK 6100001189 471444,460223,434503,424634,422906,396338,394609,384922,366744,351615,333236,314005,307156,280791,252675,235771,224039,200116,177414,162631
CHK 6100001190 496672,490510,487697,460295,457220,444712,394595,389113,380544,348788,331040,307420,299093,250993,233005,198442,136528,114563,114144,108901
CHK 6100001191 494501,439983,421939,391953,381608,361132,340768,339137,331629,324701,309253,263022,236050,191421,190411,179954,160795,101445,72859,68389
CHK 6100001192 473037,432685,420999,400888,398173,375927,371779,368067,337611,334161,331917,297151,280003,275671,274589,258010,242663,217195,209100,203027
CHK 6100001193 475184,472542,417239,397770,386414,375469,368802,319987,241781,222236,197158,149046,124163,113739,109321,94532,45946,33169
CHK 6100001194 499865,477204,471088,457596,432969,418166,415537,404723,390223,371831,368540,350416,337442,286526,279532,231886,215199,213520,188269,175083
CHK 6100001195 465019,452655,430671,405488,391752,383042,376301,357660,337681,281731,255708,244488,218820,191382,179529,153374,143141,115728,113339,88891
CHK 6100001196 483023,440173,424390,400603,394386,386329,333986,305157,300288,290335,288986,216414,193736,193615,174115,163104,137712,95251,89979,65629
CHK 6100001197 443615,378633,344802,320092,256348,223441,219820,213798,183413,181300,166447,83077,66264,47967,29956,28889,25780,19931,7765,4244
CHK 6100001198 472830,471224,435595,397469,360363,354580,347727,279288,277473,267353,238700,236032,214057,204874,204387,166688,157272,145578,142504,121616
CHK 6100001199 496736,495952,462783,449040,445459,417116,411268,350083,339833,336020,334317,295764,290968,289277,282729,277682,276949,237245,203264,187942
