18:52:46 loading dataset d5k
errors: 0, replies: 15000
18:52:51 tarantool rows=5000 redis keys=5201 ft docs=5000
18:52:51 arm S0 redis (-A WITH_REDIS, noop)
18:52:54 kamailio 5060 sockets: rb16777216,t0,tb16777216 
19:00:15 arm S0 none (-A WITH_TNT, none)
19:00:18 kamailio 5060 sockets: rb16777216,t0,tb16777216 
19:08:19 arm S0 tnt (-A WITH_TNT, noop)
19:08:22 kamailio 5060 sockets: rb16777216,t0,tb16777216 
19:13:31 arm S1a redis_ft (-A WITH_REDIS_FT, cdr)
19:13:34 kamailio 5060 sockets: rb16777216,t0,tb16777216 
19:15:12 arm S1a tnt (-A WITH_TNT, cdr)
19:15:15 kamailio 5060 sockets: rb16777216,t0,tb16777216 
19:18:59 arm S1a redis (-A WITH_REDIS, cdr)
19:19:02 kamailio 5060 sockets: rb16777216,t0,tb16777216 
19:25:37 loading dataset d500k
errors: 0, replies: 1500000
19:25:52 tarantool rows=500000 redis keys=520001 ft docs=500000
19:25:52 arm S1b redis_ft (-A WITH_REDIS_FT, cdr)
19:25:55 kamailio 5060 sockets: rb16777216,t0,tb16777216 
19:27:31 arm S1b tnt (-A WITH_TNT, cdr)
19:27:35 kamailio 5060 sockets: rb16777216,t0,tb16777216 
19:30:35 arm S1b redis (-A WITH_REDIS, cdr)
19:30:38 kamailio 5060 sockets: rb16777216,t0,tb16777216 
