CHK 6100001000 [1]
CHK 6100001001 [1]
CHK 6100001002 [1]
CHK 6100001003 [1]
CHK 6100001004 [1]
CHK 6100001005 [1]
CHK 6100001006 [1]
CHK 6100001007 [1]
CHK 6100001008 [1]
CHK 6100001009 [1]
CHK 6100001010 [1]
CHK 6100001011 [1]
CHK 6100001012 [1]
CHK 6100001013 [1]
CHK 6100001014 [1]
CHK 6100001015 [1]
CHK 6100001016 [1]
CHK 6100001017 [1]
CHK 6100001018 [1]
CHK 6100001019 [1]
CHK 6100001020 [1]
CHK 6100001021 [1]
CHK 6100001022 [1]
CHK 6100001023 [1]
CHK 6100001024 [1]
CHK 6100001025 [1]
CHK 6100001026 [1]
CHK 6100001027 [1]
CHK 6100001028 [1]
CHK 6100001029 [1]
CHK 6100001030 [1]
CHK 6100001031 [1]
CHK 6100001032 [1]
CHK 6100001033 [1]
CHK 6100001034 [1]
CHK 6100001035 [1]
CHK 6100001036 [1]
CHK 6100001037 [1]
CHK 6100001038 [1]
CHK 6100001039 [1]
CHK 6100001040 [1]
CHK 6100001041 [1]
CHK 6100001042 [1]
CHK 6100001043 [1]
CHK 6100001044 [1]
CHK 6100001045 [1]
CHK 6100001046 [1]
CHK 6100001047 [1]
CHK 6100001048 [1]
CHK 6100001049 [1]
CHK 6100001050 [1]
CHK 6100001051 [1]
CHK 6100001052 [1]
CHK 6100001053 [1]
CHK 6100001054 [1]
CHK 6100001055 [1]
CHK 6100001056 [1]
CHK 6100001057 [1]
CHK 6100001058 [1]
CHK 6100001059 [1]
CHK 6100001060 [1]
CHK 6100001061 [1]
CHK 6100001062 [1]
CHK 6100001063 [1]
CHK 6100001064 [1]
CHK 6100001065 [1]
CHK 6100001066 [1]
CHK 6100001067 [1]
CHK 6100001068 [1]
CHK 6100001069 [1]
CHK 6100001070 [1]
CHK 6100001071 [1]
CHK 6100001072 [1]
CHK 6100001073 [1]
CHK 6100001074 [1]
CHK 6100001075 [1]
CHK 6100001076 [1]
CHK 6100001077 [1]
CHK 6100001078 [1]
CHK 6100001079 [1]
CHK 6100001080 [1]
CHK 6100001081 [1]
CHK 6100001082 [1]
CHK 6100001083 [1]
CHK 6100001084 [1]
CHK 6100001085 [1]
CHK 6100001086 [1]
CHK 6100001087 [1]
CHK 6100001088 [1]
CHK 6100001089 [1]
CHK 6100001090 [1]
CHK 6100001091 [1]
CHK 6100001092 [1]
CHK 6100001093 [1]
CHK 6100001094 [1]
CHK 6100001095 [1]
CHK 6100001096 [1]
CHK 6100001097 [1]
CHK 6100001098 [1]
CHK 6100001099 [1]
CHK 6100001100 [1]
CHK 6100001101 [1]
CHK 6100001102 [1]
CHK 6100001103 [1]
CHK 6100001104 [1]
CHK 6100001105 [1]
CHK 6100001106 [1]
CHK 6100001107 [1]
CHK 6100001108 [1]
CHK 6100001109 [1]
CHK 6100001110 [1]
CHK 6100001111 [1]
CHK 6100001112 [1]
CHK 6100001113 [1]
CHK 6100001114 [1]
CHK 6100001115 [1]
CHK 6100001116 [1]
CHK 6100001117 [1]
CHK 6100001118 [1]
CHK 6100001119 [1]
CHK 6100001120 [1]
CHK 6100001121 [1]
CHK 6100001122 [1]
CHK 6100001123 [1]
CHK 6100001124 [1]
CHK 6100001125 [1]
CHK 6100001126 [1]
CHK 6100001127 [1]
CHK 6100001128 [1]
CHK 6100001129 [1]
CHK 6100001130 [1]
CHK 6100001131 [1]
CHK 6100001132 [1]
CHK 6100001133 [1]
CHK 6100001134 [1]
CHK 6100001135 [1]
CHK 6100001136 [1]
CHK 6100001137 [1]
CHK 6100001138 [1]
CHK 6100001139 [1]
CHK 6100001140 [1]
CHK 6100001141 [1]
CHK 6100001142 [1]
CHK 6100001143 [1]
CHK 6100001144 [1]
CHK 6100001145 [1]
CHK 6100001146 [1]
CHK 6100001147 [1]
CHK 6100001148 [1]
CHK 6100001149 [1]
CHK 6100001150 [1]
CHK 6100001151 [1]
CHK 6100001152 [1]
CHK 6100001153 [1]
CHK 6100001154 [1]
CHK 6100001155 [1]
CHK 6100001156 [1]
CHK 6100001157 [1]
CHK 6100001158 [1]
CHK 6100001159 [1]
CHK 6100001160 [1]
CHK 6100001161 [1]
CHK 6100001162 [1]
CHK 6100001163 [1]
CHK 6100001164 [1]
CHK 6100001165 [1]
CHK 6100001166 [1]
CHK 6100001167 [1]
CHK 6100001168 [1]
CHK 6100001169 [1]
CHK 6100001170 [1]
CHK 6100001171 [1]
CHK 6100001172 [1]
CHK 6100001173 [1]
CHK 6100001174 [1]
CHK 6100001175 [1]
CHK 6100001176 [1]
CHK 6100001177 [1]
CHK 6100001178 [1]
CHK 6100001179 [1]
CHK 6100001180 [1]
CHK 6100001181 [1]
CHK 6100001182 [1]
CHK 6100001183 [1]
CHK 6100001184 [1]
CHK 6100001185 [1]
CHK 6100001186 [1]
CHK 6100001187 [1]
CHK 6100001188 [1]
CHK 6100001189 [1]
CHK 6100001190 [1]
CHK 6100001191 [1]
CHK 6100001192 [1]
CHK 6100001193 [1]
CHK 6100001194 [1]
CHK 6100001195 [1]
CHK 6100001196 [1]
CHK 6100001197 [1]
CHK 6100001198 [1]
CHK 6100001199 [1]
